#
# Output Filename: DS_latency.out
# Generation Time: 21-July-2015_06:37:05 (UTC)
# File Contents:   Data Store Latency
#
# EPS Version:     v2.5.36
#
# CFG Template:    v3.19
# EDF Template:    v3.12
# ITL Template:    v3.10
# EVF Template:    v3.1
#
# POR Definition:  CRID issue C4
# EVF (ESOC FD):   DDID appendix-H v2.1
#
# Input Timeline:  BC-SFT2_FM-FUNC_VER-ITL-GEN01A.itl
# Input CFG:       eps.cfg
# Input EDF:       bepi.edf
# MDB version:     SISBCMAS "PFM v5.0 (1, 5, 0)"
# Input EVF:       bepi_events_mpo_sft.evf
#

#Ref_date: 6-October-2022

Elapsed time,ANTENNA_X,ANTENNA_KA,ANTENNA_X,ANTENNA_X,ANTENNA_X,ANTENNA_X,ANTENNA_X,ANTENNA_X,ANTENNA_X,ANTENNA_X,ANTENNA_X,ANTENNA_X,ANTENNA_X,ANTENNA_X,ANTENNA_X,ANTENNA_X,ANTENNA_X,ANTENNA_KA,ANTENNA_KA,ANTENNA_KA,ANTENNA_KA,ANTENNA_KA,ANTENNA_KA
ddd_hh:mm:ss,Maximum,Maximum,ISA_HIGH,BELA_HIGH,MERMAG_LOW,MERMAG_HIGH,MERTIS_HIGH,MGNS_HIGH,MIXS_HIGH,PHEBUS_HIGH,SERENA_HIGH,SIXS_HIGH,MULTI_DS_1,MULTI_DS_2,MULTI_DS_3,MULTI_DS_4,MULTI_DS_5,BELA_LOW,MERTIS_LOW,MIXS_LOW,PHEBUS_LOW,SERENA_LOW,SEL_TRANSFER_STORE
